
================================================================================
🧪 BENCHMIND AGENT INTEGRATION TEST REPORT
================================================================================
Test Date: 2025-10-31 02:42:02

✅ PASSED TESTS: 6
   - database_passed
   - api_endpoints_passed
   - benchmarking_tool_passed
   - search_agent_passed
   - efficiency_agent_passed
   - full_workflow_passed

❌ FAILED TESTS: 0


================================================================================
RECOMMENDATIONS:
================================================================================

🎉 ALL TESTS PASSED! 
Your agent integration is working correctly. You can proceed with manual testing.

================================================================================
LOG FILE: test_agent_integration.log
================================================================================
